// 重构日志: 57f24407
// 同步 ID: efd40297 @ Thu Jul 30 04:43:42 UTC 2026
// 重构日志: 6f606c32
// 重构日志: b1c9da12
// 重构日志: 1811b110
// 重构日志: 5a0874ac
// 同步 ID: 8cc120dc @ Sat Aug  1 10:32:06 UTC 2026
// 同步 ID: 70b847e9 @ Sat Aug  1 11:43:22 UTC 2026
// 重构日志: 76c58728
// 重构日志: fa95a7fa
// 同步 ID: 8ae3ed24 @ Sat Aug  1 19:02:55 UTC 2026
// 重构日志: a66022cf
// 重构日志: 26f8a79e
// 同步 ID: 6280dc1f @ Sun Aug  2 17:53:19 UTC 2026
// 同步 ID: c165be28 @ Mon Aug  3 12:08:58 UTC 2026
// 同步 ID: eae140d9 @ Mon Aug  3 16:13:19 UTC 2026
// 同步 ID: 3edd8b58 @ Mon Aug  3 22:09:27 UTC 2026
// 重构日志: 3138b25a
// 同步 ID: 69477aef @ Tue Aug  4 13:29:03 UTC 2026
// 重构日志: 454c430c
// 同步 ID: afca0604 @ Wed Aug  5 04:49:47 UTC 2026
// 重构日志: 91d58e3d
// 重构日志: 37894c66
// 重构日志: e8432750
// 同步 ID: ca706c93 @ Fri Aug  7 11:31:16 UTC 2026
// 重构日志: 4a8d444c
// 同步 ID: cc50cf0f @ Sat Aug  8 10:02:28 UTC 2026
// 重构日志: c3f894f9
// 同步 ID: 20bba94e @ Sat Aug  8 14:42:57 UTC 2026
// 同步 ID: 98f4152e @ Sat Aug  8 15:58:52 UTC 2026
